// Jest Snapshot v1, https://goo.gl/fbAQLP

exports[`CheckboxComponent renders correctly 1`] = `
ShallowWrapper {
  "length": 1,
  Symbol(enzyme.__root__): [Circular],
  Symbol(enzyme.__unrendered__): <CheckboxComponent />,
  Symbol(enzyme.__renderer__): Object {
    "batchedUpdates": [Function],
    "getNode": [Function],
    "render": [Function],
    "simulateEvent": [Function],
    "unmount": [Function],
  },
  Symbol(enzyme.__node__): Object {
    "instance": null,
    "key": undefined,
    "nodeType": "class",
    "props": Object {
      "activeOpacity": 0.2,
      "children": <Component
        style={null}
      />,
      "onPress": [Function],
      "style": Object {
        "backgroundColor": "transparent",
        "borderColor": "#2684FF",
        "borderRadius": 10,
        "borderWidth": 2,
        "height": 48,
        "padding": 4,
        "width": 48,
      },
    },
    "ref": null,
    "rendered": Object {
      "instance": null,
      "key": undefined,
      "nodeType": "class",
      "props": Object {
        "style": null,
      },
      "ref": null,
      "rendered": null,
      "type": [Function],
    },
    "type": [Function],
  },
  Symbol(enzyme.__nodes__): Array [
    Object {
      "instance": null,
      "key": undefined,
      "nodeType": "class",
      "props": Object {
        "activeOpacity": 0.2,
        "children": <Component
          style={null}
        />,
        "onPress": [Function],
        "style": Object {
          "backgroundColor": "transparent",
          "borderColor": "#2684FF",
          "borderRadius": 10,
          "borderWidth": 2,
          "height": 48,
          "padding": 4,
          "width": 48,
        },
      },
      "ref": null,
      "rendered": Object {
        "instance": null,
        "key": undefined,
        "nodeType": "class",
        "props": Object {
          "style": null,
        },
        "ref": null,
        "rendered": null,
        "type": [Function],
      },
      "type": [Function],
    },
  ],
  Symbol(enzyme.__options__): Object {
    "adapter": ReactSixteenAdapter {
      "options": Object {
        "enableComponentDidUpdateOnSetState": true,
      },
    },
  },
}
`;
