// Jest Snapshot v1, https://goo.gl/fbAQLP

exports[`ContentSlider renders correctly 1`] = `
ShallowWrapper {
  "length": 1,
  Symbol(enzyme.__root__): [Circular],
  Symbol(enzyme.__unrendered__): <ContentSlider
    content={
      Array [
        [Function],
        [Function],
      ]
    }
  />,
  Symbol(enzyme.__renderer__): Object {
    "batchedUpdates": [Function],
    "getNode": [Function],
    "render": [Function],
    "simulateEvent": [Function],
    "unmount": [Function],
  },
  Symbol(enzyme.__node__): Object {
    "instance": null,
    "key": undefined,
    "nodeType": "class",
    "props": Object {
      "children": Array [
        <ScrollView
          decelerationRate={0.99}
          horizontal={true}
          onMomentumScrollEnd={[Function]}
          scrollEnabled={true}
          showsHorizontalScrollIndicator={false}
          style={Object {}}
        >
          <Component
            style={
              Object {
                "height": undefined,
                "width": undefined,
              }
            }
          >
            [Function]
          </Component>
          <Component
            style={
              Object {
                "height": undefined,
                "width": undefined,
              }
            }
          >
            [Function]
          </Component>
        </ScrollView>,
        <Component
          style={
            Object {
              "alignItems": "center",
              "alignSelf": "center",
              "flexDirection": "row",
              "justifyContent": "center",
              "paddingHorizontal": 74,
              "paddingVertical": 40,
            }
          }
        >
          <TouchableHighlight
            activeOpacity={0.85}
            delayPressOut={100}
            onPressOut={[Function]}
            style={
              Array [
                Object {
                  "backgroundColor": "white",
                  "borderColor": "#c6d5df",
                  "borderRadius": 4,
                  "borderWidth": 1.3,
                  "height": 16,
                  "marginRight": 22,
                  "width": 16,
                },
                Object {
                  "backgroundColor": "#c6d5df",
                  "opacity": 1,
                },
              ]
            }
            underlayColor="#ccc"
          >
            <Component />
          </TouchableHighlight>
          <TouchableHighlight
            activeOpacity={0.85}
            delayPressOut={100}
            onPressOut={[Function]}
            style={
              Array [
                Object {
                  "backgroundColor": "white",
                  "borderColor": "#c6d5df",
                  "borderRadius": 4,
                  "borderWidth": 1.3,
                  "height": 16,
                  "marginRight": 22,
                  "width": 16,
                },
                null,
              ]
            }
            underlayColor="#ccc"
          >
            <Component />
          </TouchableHighlight>
        </Component>,
      ],
      "style": Array [
        Object {
          "flex": 1,
        },
        undefined,
      ],
    },
    "ref": null,
    "rendered": Array [
      Object {
        "instance": null,
        "key": undefined,
        "nodeType": "class",
        "props": Object {
          "children": Array [
            <Component
              style={
                Object {
                  "height": undefined,
                  "width": undefined,
                }
              }
            >
              [Function]
            </Component>,
            <Component
              style={
                Object {
                  "height": undefined,
                  "width": undefined,
                }
              }
            >
              [Function]
            </Component>,
          ],
          "decelerationRate": 0.99,
          "horizontal": true,
          "onMomentumScrollEnd": [Function],
          "scrollEnabled": true,
          "showsHorizontalScrollIndicator": false,
          "style": Object {},
        },
        "ref": [Function],
        "rendered": Array [
          Object {
            "instance": null,
            "key": "0",
            "nodeType": "class",
            "props": Object {
              "children": [Function],
              "style": Object {
                "height": undefined,
                "width": undefined,
              },
            },
            "ref": null,
            "rendered": [Function],
            "type": [Function],
          },
          Object {
            "instance": null,
            "key": "1",
            "nodeType": "class",
            "props": Object {
              "children": [Function],
              "style": Object {
                "height": undefined,
                "width": undefined,
              },
            },
            "ref": null,
            "rendered": [Function],
            "type": [Function],
          },
        ],
        "type": [MockFunction],
      },
      Object {
        "instance": null,
        "key": undefined,
        "nodeType": "class",
        "props": Object {
          "children": Array [
            <TouchableHighlight
              activeOpacity={0.85}
              delayPressOut={100}
              onPressOut={[Function]}
              style={
                Array [
                  Object {
                    "backgroundColor": "white",
                    "borderColor": "#c6d5df",
                    "borderRadius": 4,
                    "borderWidth": 1.3,
                    "height": 16,
                    "marginRight": 22,
                    "width": 16,
                  },
                  Object {
                    "backgroundColor": "#c6d5df",
                    "opacity": 1,
                  },
                ]
              }
              underlayColor="#ccc"
            >
              <Component />
            </TouchableHighlight>,
            <TouchableHighlight
              activeOpacity={0.85}
              delayPressOut={100}
              onPressOut={[Function]}
              style={
                Array [
                  Object {
                    "backgroundColor": "white",
                    "borderColor": "#c6d5df",
                    "borderRadius": 4,
                    "borderWidth": 1.3,
                    "height": 16,
                    "marginRight": 22,
                    "width": 16,
                  },
                  null,
                ]
              }
              underlayColor="#ccc"
            >
              <Component />
            </TouchableHighlight>,
          ],
          "style": Object {
            "alignItems": "center",
            "alignSelf": "center",
            "flexDirection": "row",
            "justifyContent": "center",
            "paddingHorizontal": 74,
            "paddingVertical": 40,
          },
        },
        "ref": null,
        "rendered": Array [
          Object {
            "instance": null,
            "key": "0",
            "nodeType": "class",
            "props": Object {
              "activeOpacity": 0.85,
              "children": <Component />,
              "delayPressOut": 100,
              "onPressOut": [Function],
              "style": Array [
                Object {
                  "backgroundColor": "white",
                  "borderColor": "#c6d5df",
                  "borderRadius": 4,
                  "borderWidth": 1.3,
                  "height": 16,
                  "marginRight": 22,
                  "width": 16,
                },
                Object {
                  "backgroundColor": "#c6d5df",
                  "opacity": 1,
                },
              ],
              "underlayColor": "#ccc",
            },
            "ref": null,
            "rendered": Object {
              "instance": null,
              "key": undefined,
              "nodeType": "class",
              "props": Object {},
              "ref": null,
              "rendered": null,
              "type": [Function],
            },
            "type": [Function],
          },
          Object {
            "instance": null,
            "key": "1",
            "nodeType": "class",
            "props": Object {
              "activeOpacity": 0.85,
              "children": <Component />,
              "delayPressOut": 100,
              "onPressOut": [Function],
              "style": Array [
                Object {
                  "backgroundColor": "white",
                  "borderColor": "#c6d5df",
                  "borderRadius": 4,
                  "borderWidth": 1.3,
                  "height": 16,
                  "marginRight": 22,
                  "width": 16,
                },
                null,
              ],
              "underlayColor": "#ccc",
            },
            "ref": null,
            "rendered": Object {
              "instance": null,
              "key": undefined,
              "nodeType": "class",
              "props": Object {},
              "ref": null,
              "rendered": null,
              "type": [Function],
            },
            "type": [Function],
          },
        ],
        "type": [Function],
      },
    ],
    "type": [Function],
  },
  Symbol(enzyme.__nodes__): Array [
    Object {
      "instance": null,
      "key": undefined,
      "nodeType": "class",
      "props": Object {
        "children": Array [
          <ScrollView
            decelerationRate={0.99}
            horizontal={true}
            onMomentumScrollEnd={[Function]}
            scrollEnabled={true}
            showsHorizontalScrollIndicator={false}
            style={Object {}}
          >
            <Component
              style={
                Object {
                  "height": undefined,
                  "width": undefined,
                }
              }
            >
              [Function]
            </Component>
            <Component
              style={
                Object {
                  "height": undefined,
                  "width": undefined,
                }
              }
            >
              [Function]
            </Component>
          </ScrollView>,
          <Component
            style={
              Object {
                "alignItems": "center",
                "alignSelf": "center",
                "flexDirection": "row",
                "justifyContent": "center",
                "paddingHorizontal": 74,
                "paddingVertical": 40,
              }
            }
          >
            <TouchableHighlight
              activeOpacity={0.85}
              delayPressOut={100}
              onPressOut={[Function]}
              style={
                Array [
                  Object {
                    "backgroundColor": "white",
                    "borderColor": "#c6d5df",
                    "borderRadius": 4,
                    "borderWidth": 1.3,
                    "height": 16,
                    "marginRight": 22,
                    "width": 16,
                  },
                  Object {
                    "backgroundColor": "#c6d5df",
                    "opacity": 1,
                  },
                ]
              }
              underlayColor="#ccc"
            >
              <Component />
            </TouchableHighlight>
            <TouchableHighlight
              activeOpacity={0.85}
              delayPressOut={100}
              onPressOut={[Function]}
              style={
                Array [
                  Object {
                    "backgroundColor": "white",
                    "borderColor": "#c6d5df",
                    "borderRadius": 4,
                    "borderWidth": 1.3,
                    "height": 16,
                    "marginRight": 22,
                    "width": 16,
                  },
                  null,
                ]
              }
              underlayColor="#ccc"
            >
              <Component />
            </TouchableHighlight>
          </Component>,
        ],
        "style": Array [
          Object {
            "flex": 1,
          },
          undefined,
        ],
      },
      "ref": null,
      "rendered": Array [
        Object {
          "instance": null,
          "key": undefined,
          "nodeType": "class",
          "props": Object {
            "children": Array [
              <Component
                style={
                  Object {
                    "height": undefined,
                    "width": undefined,
                  }
                }
              >
                [Function]
              </Component>,
              <Component
                style={
                  Object {
                    "height": undefined,
                    "width": undefined,
                  }
                }
              >
                [Function]
              </Component>,
            ],
            "decelerationRate": 0.99,
            "horizontal": true,
            "onMomentumScrollEnd": [Function],
            "scrollEnabled": true,
            "showsHorizontalScrollIndicator": false,
            "style": Object {},
          },
          "ref": [Function],
          "rendered": Array [
            Object {
              "instance": null,
              "key": "0",
              "nodeType": "class",
              "props": Object {
                "children": [Function],
                "style": Object {
                  "height": undefined,
                  "width": undefined,
                },
              },
              "ref": null,
              "rendered": [Function],
              "type": [Function],
            },
            Object {
              "instance": null,
              "key": "1",
              "nodeType": "class",
              "props": Object {
                "children": [Function],
                "style": Object {
                  "height": undefined,
                  "width": undefined,
                },
              },
              "ref": null,
              "rendered": [Function],
              "type": [Function],
            },
          ],
          "type": [MockFunction],
        },
        Object {
          "instance": null,
          "key": undefined,
          "nodeType": "class",
          "props": Object {
            "children": Array [
              <TouchableHighlight
                activeOpacity={0.85}
                delayPressOut={100}
                onPressOut={[Function]}
                style={
                  Array [
                    Object {
                      "backgroundColor": "white",
                      "borderColor": "#c6d5df",
                      "borderRadius": 4,
                      "borderWidth": 1.3,
                      "height": 16,
                      "marginRight": 22,
                      "width": 16,
                    },
                    Object {
                      "backgroundColor": "#c6d5df",
                      "opacity": 1,
                    },
                  ]
                }
                underlayColor="#ccc"
              >
                <Component />
              </TouchableHighlight>,
              <TouchableHighlight
                activeOpacity={0.85}
                delayPressOut={100}
                onPressOut={[Function]}
                style={
                  Array [
                    Object {
                      "backgroundColor": "white",
                      "borderColor": "#c6d5df",
                      "borderRadius": 4,
                      "borderWidth": 1.3,
                      "height": 16,
                      "marginRight": 22,
                      "width": 16,
                    },
                    null,
                  ]
                }
                underlayColor="#ccc"
              >
                <Component />
              </TouchableHighlight>,
            ],
            "style": Object {
              "alignItems": "center",
              "alignSelf": "center",
              "flexDirection": "row",
              "justifyContent": "center",
              "paddingHorizontal": 74,
              "paddingVertical": 40,
            },
          },
          "ref": null,
          "rendered": Array [
            Object {
              "instance": null,
              "key": "0",
              "nodeType": "class",
              "props": Object {
                "activeOpacity": 0.85,
                "children": <Component />,
                "delayPressOut": 100,
                "onPressOut": [Function],
                "style": Array [
                  Object {
                    "backgroundColor": "white",
                    "borderColor": "#c6d5df",
                    "borderRadius": 4,
                    "borderWidth": 1.3,
                    "height": 16,
                    "marginRight": 22,
                    "width": 16,
                  },
                  Object {
                    "backgroundColor": "#c6d5df",
                    "opacity": 1,
                  },
                ],
                "underlayColor": "#ccc",
              },
              "ref": null,
              "rendered": Object {
                "instance": null,
                "key": undefined,
                "nodeType": "class",
                "props": Object {},
                "ref": null,
                "rendered": null,
                "type": [Function],
              },
              "type": [Function],
            },
            Object {
              "instance": null,
              "key": "1",
              "nodeType": "class",
              "props": Object {
                "activeOpacity": 0.85,
                "children": <Component />,
                "delayPressOut": 100,
                "onPressOut": [Function],
                "style": Array [
                  Object {
                    "backgroundColor": "white",
                    "borderColor": "#c6d5df",
                    "borderRadius": 4,
                    "borderWidth": 1.3,
                    "height": 16,
                    "marginRight": 22,
                    "width": 16,
                  },
                  null,
                ],
                "underlayColor": "#ccc",
              },
              "ref": null,
              "rendered": Object {
                "instance": null,
                "key": undefined,
                "nodeType": "class",
                "props": Object {},
                "ref": null,
                "rendered": null,
                "type": [Function],
              },
              "type": [Function],
            },
          ],
          "type": [Function],
        },
      ],
      "type": [Function],
    },
  ],
  Symbol(enzyme.__options__): Object {
    "adapter": ReactSixteenAdapter {
      "options": Object {
        "enableComponentDidUpdateOnSetState": true,
      },
    },
  },
}
`;
