// Jest Snapshot v1, https://goo.gl/fbAQLP

exports[`ListItemComponent renders correctly 1`] = `
ShallowWrapper {
  "length": 1,
  Symbol(enzyme.__root__): [Circular],
  Symbol(enzyme.__unrendered__): <ListItemComponent
    item={
      Object {
        "entity": Object {
          "thumbnail": Object {},
        },
        "getName": [Function],
        "getStarred": [Function],
      }
    }
  />,
  Symbol(enzyme.__renderer__): Object {
    "batchedUpdates": [Function],
    "getNode": [Function],
    "render": [Function],
    "simulateEvent": [Function],
    "unmount": [Function],
  },
  Symbol(enzyme.__node__): Object {
    "instance": null,
    "key": undefined,
    "nodeType": "class",
    "props": Object {
      "activeOpacity": 0.2,
      "children": <View
        style={
          Object {
            "alignItems": "center",
            "borderBottomWidth": 0.5,
            "borderColor": "rgba(56, 75, 101, 0.4)",
            "flex": 1,
            "flexDirection": "row",
            "justifyContent": "space-between",
            "marginHorizontal": 20,
          }
        }
      >
        <View>
          <Image
            source={
              Object {
                "uri": "data:image/png;base64,[object Object]",
              }
            }
            style={
              Object {
                "height": 44,
                "width": 50,
              }
            }
          />
        </View>
        <View
          style={
            Object {
              "flex": 0.9,
            }
          }
        >
          <Text
            accessible={true}
            allowFontScaling={true}
            ellipsizeMode="tail"
            numberOfLines={1}
            style={
              Object {
                "color": "#384B65",
                "fontFamily": "Montserrat-Regular",
                "fontSize": 32,
              }
            }
          />
        </View>
        <TouchableOpacity
          activeOpacity={0.2}
          onPress={[Function]}
          style={
            Object {
              "alignItems": "flex-end",
              "height": 110,
              "justifyContent": "center",
              "width": 100,
            }
          }
        >
          <Image
            source="listItemActions.png"
            style={
              Object {
                "height": 40,
                "width": 40,
              }
            }
          />
        </TouchableOpacity>
      </View>,
      "onLongPress": [Function],
      "onPress": [Function],
      "style": Object {
        "flex": 1,
        "height": 110,
      },
    },
    "ref": null,
    "rendered": Object {
      "instance": null,
      "key": undefined,
      "nodeType": "class",
      "props": Object {
        "children": Array [
          undefined,
          <View>
            <Image
              source={
                Object {
                  "uri": "data:image/png;base64,[object Object]",
                }
              }
              style={
                Object {
                  "height": 44,
                  "width": 50,
                }
              }
            />
          </View>,
          <View
            style={
              Object {
                "flex": 0.9,
              }
            }
          >
            <Text
              accessible={true}
              allowFontScaling={true}
              ellipsizeMode="tail"
              numberOfLines={1}
              style={
                Object {
                  "color": "#384B65",
                  "fontFamily": "Montserrat-Regular",
                  "fontSize": 32,
                }
              }
            />
          </View>,
          <TouchableOpacity
            activeOpacity={0.2}
            onPress={[Function]}
            style={
              Object {
                "alignItems": "flex-end",
                "height": 110,
                "justifyContent": "center",
                "width": 100,
              }
            }
          >
            <Image
              source="listItemActions.png"
              style={
                Object {
                  "height": 40,
                  "width": 40,
                }
              }
            />
          </TouchableOpacity>,
        ],
        "style": Object {
          "alignItems": "center",
          "borderBottomWidth": 0.5,
          "borderColor": "rgba(56, 75, 101, 0.4)",
          "flex": 1,
          "flexDirection": "row",
          "justifyContent": "space-between",
          "marginHorizontal": 20,
        },
      },
      "ref": null,
      "rendered": Array [
        undefined,
        Object {
          "instance": null,
          "key": undefined,
          "nodeType": "class",
          "props": Object {
            "children": <Image
              source={
                Object {
                  "uri": "data:image/png;base64,[object Object]",
                }
              }
              style={
                Object {
                  "height": 44,
                  "width": 50,
                }
              }
            />,
          },
          "ref": null,
          "rendered": Object {
            "instance": null,
            "key": undefined,
            "nodeType": "class",
            "props": Object {
              "source": Object {
                "uri": "data:image/png;base64,[object Object]",
              },
              "style": Object {
                "height": 44,
                "width": 50,
              },
            },
            "ref": null,
            "rendered": null,
            "type": [Function],
          },
          "type": [Function],
        },
        Object {
          "instance": null,
          "key": undefined,
          "nodeType": "class",
          "props": Object {
            "children": Array [
              <Text
                accessible={true}
                allowFontScaling={true}
                ellipsizeMode="tail"
                numberOfLines={1}
                style={
                  Object {
                    "color": "#384B65",
                    "fontFamily": "Montserrat-Regular",
                    "fontSize": 32,
                  }
                }
              />,
              null,
            ],
            "style": Object {
              "flex": 0.9,
            },
          },
          "ref": null,
          "rendered": Array [
            Object {
              "instance": null,
              "key": undefined,
              "nodeType": "class",
              "props": Object {
                "accessible": true,
                "allowFontScaling": true,
                "children": undefined,
                "ellipsizeMode": "tail",
                "numberOfLines": 1,
                "style": Object {
                  "color": "#384B65",
                  "fontFamily": "Montserrat-Regular",
                  "fontSize": 32,
                },
              },
              "ref": null,
              "rendered": null,
              "type": [Function],
            },
            null,
          ],
          "type": [Function],
        },
        Object {
          "instance": null,
          "key": undefined,
          "nodeType": "class",
          "props": Object {
            "activeOpacity": 0.2,
            "children": <Image
              source="listItemActions.png"
              style={
                Object {
                  "height": 40,
                  "width": 40,
                }
              }
            />,
            "onPress": [Function],
            "style": Object {
              "alignItems": "flex-end",
              "height": 110,
              "justifyContent": "center",
              "width": 100,
            },
          },
          "ref": null,
          "rendered": Object {
            "instance": null,
            "key": undefined,
            "nodeType": "class",
            "props": Object {
              "source": "listItemActions.png",
              "style": Object {
                "height": 40,
                "width": 40,
              },
            },
            "ref": null,
            "rendered": null,
            "type": [Function],
          },
          "type": [Function],
        },
      ],
      "type": [Function],
    },
    "type": [Function],
  },
  Symbol(enzyme.__nodes__): Array [
    Object {
      "instance": null,
      "key": undefined,
      "nodeType": "class",
      "props": Object {
        "activeOpacity": 0.2,
        "children": <View
          style={
            Object {
              "alignItems": "center",
              "borderBottomWidth": 0.5,
              "borderColor": "rgba(56, 75, 101, 0.4)",
              "flex": 1,
              "flexDirection": "row",
              "justifyContent": "space-between",
              "marginHorizontal": 20,
            }
          }
        >
          <View>
            <Image
              source={
                Object {
                  "uri": "data:image/png;base64,[object Object]",
                }
              }
              style={
                Object {
                  "height": 44,
                  "width": 50,
                }
              }
            />
          </View>
          <View
            style={
              Object {
                "flex": 0.9,
              }
            }
          >
            <Text
              accessible={true}
              allowFontScaling={true}
              ellipsizeMode="tail"
              numberOfLines={1}
              style={
                Object {
                  "color": "#384B65",
                  "fontFamily": "Montserrat-Regular",
                  "fontSize": 32,
                }
              }
            />
          </View>
          <TouchableOpacity
            activeOpacity={0.2}
            onPress={[Function]}
            style={
              Object {
                "alignItems": "flex-end",
                "height": 110,
                "justifyContent": "center",
                "width": 100,
              }
            }
          >
            <Image
              source="listItemActions.png"
              style={
                Object {
                  "height": 40,
                  "width": 40,
                }
              }
            />
          </TouchableOpacity>
        </View>,
        "onLongPress": [Function],
        "onPress": [Function],
        "style": Object {
          "flex": 1,
          "height": 110,
        },
      },
      "ref": null,
      "rendered": Object {
        "instance": null,
        "key": undefined,
        "nodeType": "class",
        "props": Object {
          "children": Array [
            undefined,
            <View>
              <Image
                source={
                  Object {
                    "uri": "data:image/png;base64,[object Object]",
                  }
                }
                style={
                  Object {
                    "height": 44,
                    "width": 50,
                  }
                }
              />
            </View>,
            <View
              style={
                Object {
                  "flex": 0.9,
                }
              }
            >
              <Text
                accessible={true}
                allowFontScaling={true}
                ellipsizeMode="tail"
                numberOfLines={1}
                style={
                  Object {
                    "color": "#384B65",
                    "fontFamily": "Montserrat-Regular",
                    "fontSize": 32,
                  }
                }
              />
            </View>,
            <TouchableOpacity
              activeOpacity={0.2}
              onPress={[Function]}
              style={
                Object {
                  "alignItems": "flex-end",
                  "height": 110,
                  "justifyContent": "center",
                  "width": 100,
                }
              }
            >
              <Image
                source="listItemActions.png"
                style={
                  Object {
                    "height": 40,
                    "width": 40,
                  }
                }
              />
            </TouchableOpacity>,
          ],
          "style": Object {
            "alignItems": "center",
            "borderBottomWidth": 0.5,
            "borderColor": "rgba(56, 75, 101, 0.4)",
            "flex": 1,
            "flexDirection": "row",
            "justifyContent": "space-between",
            "marginHorizontal": 20,
          },
        },
        "ref": null,
        "rendered": Array [
          undefined,
          Object {
            "instance": null,
            "key": undefined,
            "nodeType": "class",
            "props": Object {
              "children": <Image
                source={
                  Object {
                    "uri": "data:image/png;base64,[object Object]",
                  }
                }
                style={
                  Object {
                    "height": 44,
                    "width": 50,
                  }
                }
              />,
            },
            "ref": null,
            "rendered": Object {
              "instance": null,
              "key": undefined,
              "nodeType": "class",
              "props": Object {
                "source": Object {
                  "uri": "data:image/png;base64,[object Object]",
                },
                "style": Object {
                  "height": 44,
                  "width": 50,
                },
              },
              "ref": null,
              "rendered": null,
              "type": [Function],
            },
            "type": [Function],
          },
          Object {
            "instance": null,
            "key": undefined,
            "nodeType": "class",
            "props": Object {
              "children": Array [
                <Text
                  accessible={true}
                  allowFontScaling={true}
                  ellipsizeMode="tail"
                  numberOfLines={1}
                  style={
                    Object {
                      "color": "#384B65",
                      "fontFamily": "Montserrat-Regular",
                      "fontSize": 32,
                    }
                  }
                />,
                null,
              ],
              "style": Object {
                "flex": 0.9,
              },
            },
            "ref": null,
            "rendered": Array [
              Object {
                "instance": null,
                "key": undefined,
                "nodeType": "class",
                "props": Object {
                  "accessible": true,
                  "allowFontScaling": true,
                  "children": undefined,
                  "ellipsizeMode": "tail",
                  "numberOfLines": 1,
                  "style": Object {
                    "color": "#384B65",
                    "fontFamily": "Montserrat-Regular",
                    "fontSize": 32,
                  },
                },
                "ref": null,
                "rendered": null,
                "type": [Function],
              },
              null,
            ],
            "type": [Function],
          },
          Object {
            "instance": null,
            "key": undefined,
            "nodeType": "class",
            "props": Object {
              "activeOpacity": 0.2,
              "children": <Image
                source="listItemActions.png"
                style={
                  Object {
                    "height": 40,
                    "width": 40,
                  }
                }
              />,
              "onPress": [Function],
              "style": Object {
                "alignItems": "flex-end",
                "height": 110,
                "justifyContent": "center",
                "width": 100,
              },
            },
            "ref": null,
            "rendered": Object {
              "instance": null,
              "key": undefined,
              "nodeType": "class",
              "props": Object {
                "source": "listItemActions.png",
                "style": Object {
                  "height": 40,
                  "width": 40,
                },
              },
              "ref": null,
              "rendered": null,
              "type": [Function],
            },
            "type": [Function],
          },
        ],
        "type": [Function],
      },
      "type": [Function],
    },
  ],
  Symbol(enzyme.__options__): Object {
    "adapter": ReactSixteenAdapter {
      "options": Object {
        "enableComponentDidUpdateOnSetState": true,
      },
    },
  },
}
`;
