// Jest Snapshot v1, https://goo.gl/fbAQLP

exports[`MnemonicGenerationComponent renders correctly 1`] = `
ShallowWrapper {
  "length": 1,
  Symbol(enzyme.__root__): [Circular],
  Symbol(enzyme.__unrendered__): <MnemonicGenerationComponent />,
  Symbol(enzyme.__renderer__): Object {
    "batchedUpdates": [Function],
    "getNode": [Function],
    "render": [Function],
    "simulateEvent": [Function],
    "unmount": [Function],
  },
  Symbol(enzyme.__node__): Object {
    "instance": null,
    "key": undefined,
    "nodeType": "class",
    "props": Object {
      "children": Array [
        <Image
          resizeMode="contain"
          source="getMnemonicLogo.png"
          style={
            Object {
              "height": 500,
              "left": -80,
              "position": "absolute",
              "top": 206,
              "width": 500,
            }
          }
        />,
        <View
          style={
            Object {
              "alignItems": "center",
              "flexDirection": "row",
              "height": 48,
              "justifyContent": "space-between",
              "position": "absolute",
              "right": 32,
              "top": 40,
              "width": 280,
            }
          }
        >
          <Text
            accessible={true}
            allowFontScaling={true}
            ellipsizeMode="tail"
            style={
              Object {
                "color": "#2782ff",
                "fontFamily": "Montserrat",
                "fontSize": 28,
                "lineHeight": 48,
                "marginBottom": 10,
              }
            }
          >
            What is Mnemonic?
          </Text>
          <Image
            source="Info.png"
            style={
              Object {
                "height": 48,
                "width": 48,
              }
            }
          />
        </View>,
        <View
          style={
            Object {
              "height": 84,
              "marginLeft": 32,
              "marginTop": 580,
              "width": 350,
            }
          }
        >
          <Text
            accessible={true}
            allowFontScaling={true}
            ellipsizeMode="tail"
            style={
              Object {
                "color": "#2782ff",
                "fontFamily": "Montserrat-ExtraBold",
                "fontSize": 92,
              }
            }
          >
            Get
          </Text>
        </View>,
        <View
          style={
            Object {
              "height": 84,
              "marginLeft": 32,
              "marginTop": 16,
              "width": 640,
            }
          }
        >
          <Text
            accessible={true}
            allowFontScaling={true}
            ellipsizeMode="tail"
            style={
              Object {
                "color": "#2782ff",
                "fontFamily": "Montserrat-ExtraBold",
                "fontSize": 92,
              }
            }
          >
            mnemonic
          </Text>
        </View>,
        <View
          style={
            Object {
              "alignItems": "center",
              "justifyContent": "center",
              "marginLeft": 32,
              "marginTop": 20,
              "width": 700,
            }
          }
        >
          <View
            style={
              Object {
                "alignSelf": "flex-start",
                "height": 328,
                "marginTop": 20,
                "width": 640,
              }
            }
          >
            <Text
              accessible={true}
              allowFontScaling={true}
              ellipsizeMode="tail"
              style={
                Object {
                  "color": "#384b65",
                  "fontFamily": "Montserrat",
                  "fontSize": 32,
                }
              }
            >
              An explanation text tells your audience how something works or why something happens.
            </Text>
          </View>
          <TouchableOpacity
            activeOpacity={0.2}
            onPressOut={[Function]}
            style={
              Object {
                "alignItems": "center",
                "alignSelf": "center",
                "backgroundColor": "#2782ff",
                "borderRadius": 12,
                "height": 88,
                "justifyContent": "center",
                "marginTop": 48,
                "width": 686,
              }
            }
          >
            <Text
              accessible={true}
              allowFontScaling={true}
              ellipsizeMode="tail"
              style={
                Object {
                  "color": "white",
                  "fontFamily": "Montserrat-Bold",
                  "fontSize": 28,
                }
              }
            >
              GET MNEMONIC
            </Text>
          </TouchableOpacity>
        </View>,
        null,
        null,
      ],
      "style": Object {
        "backgroundColor": "white",
        "flex": 1,
      },
    },
    "ref": null,
    "rendered": Array [
      Object {
        "instance": null,
        "key": undefined,
        "nodeType": "class",
        "props": Object {
          "resizeMode": "contain",
          "source": "getMnemonicLogo.png",
          "style": Object {
            "height": 500,
            "left": -80,
            "position": "absolute",
            "top": 206,
            "width": 500,
          },
        },
        "ref": null,
        "rendered": null,
        "type": [Function],
      },
      Object {
        "instance": null,
        "key": undefined,
        "nodeType": "class",
        "props": Object {
          "children": Array [
            <Text
              accessible={true}
              allowFontScaling={true}
              ellipsizeMode="tail"
              style={
                Object {
                  "color": "#2782ff",
                  "fontFamily": "Montserrat",
                  "fontSize": 28,
                  "lineHeight": 48,
                  "marginBottom": 10,
                }
              }
            >
              What is Mnemonic?
            </Text>,
            <Image
              source="Info.png"
              style={
                Object {
                  "height": 48,
                  "width": 48,
                }
              }
            />,
          ],
          "style": Object {
            "alignItems": "center",
            "flexDirection": "row",
            "height": 48,
            "justifyContent": "space-between",
            "position": "absolute",
            "right": 32,
            "top": 40,
            "width": 280,
          },
        },
        "ref": null,
        "rendered": Array [
          Object {
            "instance": null,
            "key": undefined,
            "nodeType": "class",
            "props": Object {
              "accessible": true,
              "allowFontScaling": true,
              "children": "What is Mnemonic?",
              "ellipsizeMode": "tail",
              "style": Object {
                "color": "#2782ff",
                "fontFamily": "Montserrat",
                "fontSize": 28,
                "lineHeight": 48,
                "marginBottom": 10,
              },
            },
            "ref": null,
            "rendered": "What is Mnemonic?",
            "type": [Function],
          },
          Object {
            "instance": null,
            "key": undefined,
            "nodeType": "class",
            "props": Object {
              "source": "Info.png",
              "style": Object {
                "height": 48,
                "width": 48,
              },
            },
            "ref": null,
            "rendered": null,
            "type": [Function],
          },
        ],
        "type": [Function],
      },
      Object {
        "instance": null,
        "key": undefined,
        "nodeType": "class",
        "props": Object {
          "children": <Text
            accessible={true}
            allowFontScaling={true}
            ellipsizeMode="tail"
            style={
              Object {
                "color": "#2782ff",
                "fontFamily": "Montserrat-ExtraBold",
                "fontSize": 92,
              }
            }
          >
            Get
          </Text>,
          "style": Object {
            "height": 84,
            "marginLeft": 32,
            "marginTop": 580,
            "width": 350,
          },
        },
        "ref": null,
        "rendered": Object {
          "instance": null,
          "key": undefined,
          "nodeType": "class",
          "props": Object {
            "accessible": true,
            "allowFontScaling": true,
            "children": "Get",
            "ellipsizeMode": "tail",
            "style": Object {
              "color": "#2782ff",
              "fontFamily": "Montserrat-ExtraBold",
              "fontSize": 92,
            },
          },
          "ref": null,
          "rendered": "Get",
          "type": [Function],
        },
        "type": [Function],
      },
      Object {
        "instance": null,
        "key": undefined,
        "nodeType": "class",
        "props": Object {
          "children": <Text
            accessible={true}
            allowFontScaling={true}
            ellipsizeMode="tail"
            style={
              Object {
                "color": "#2782ff",
                "fontFamily": "Montserrat-ExtraBold",
                "fontSize": 92,
              }
            }
          >
            mnemonic
          </Text>,
          "style": Object {
            "height": 84,
            "marginLeft": 32,
            "marginTop": 16,
            "width": 640,
          },
        },
        "ref": null,
        "rendered": Object {
          "instance": null,
          "key": undefined,
          "nodeType": "class",
          "props": Object {
            "accessible": true,
            "allowFontScaling": true,
            "children": "mnemonic",
            "ellipsizeMode": "tail",
            "style": Object {
              "color": "#2782ff",
              "fontFamily": "Montserrat-ExtraBold",
              "fontSize": 92,
            },
          },
          "ref": null,
          "rendered": "mnemonic",
          "type": [Function],
        },
        "type": [Function],
      },
      Object {
        "instance": null,
        "key": undefined,
        "nodeType": "class",
        "props": Object {
          "children": Array [
            <View
              style={
                Object {
                  "alignSelf": "flex-start",
                  "height": 328,
                  "marginTop": 20,
                  "width": 640,
                }
              }
            >
              <Text
                accessible={true}
                allowFontScaling={true}
                ellipsizeMode="tail"
                style={
                  Object {
                    "color": "#384b65",
                    "fontFamily": "Montserrat",
                    "fontSize": 32,
                  }
                }
              >
                An explanation text tells your audience how something works or why something happens.
              </Text>
            </View>,
            <TouchableOpacity
              activeOpacity={0.2}
              onPressOut={[Function]}
              style={
                Object {
                  "alignItems": "center",
                  "alignSelf": "center",
                  "backgroundColor": "#2782ff",
                  "borderRadius": 12,
                  "height": 88,
                  "justifyContent": "center",
                  "marginTop": 48,
                  "width": 686,
                }
              }
            >
              <Text
                accessible={true}
                allowFontScaling={true}
                ellipsizeMode="tail"
                style={
                  Object {
                    "color": "white",
                    "fontFamily": "Montserrat-Bold",
                    "fontSize": 28,
                  }
                }
              >
                GET MNEMONIC
              </Text>
            </TouchableOpacity>,
          ],
          "style": Object {
            "alignItems": "center",
            "justifyContent": "center",
            "marginLeft": 32,
            "marginTop": 20,
            "width": 700,
          },
        },
        "ref": null,
        "rendered": Array [
          Object {
            "instance": null,
            "key": undefined,
            "nodeType": "class",
            "props": Object {
              "children": <Text
                accessible={true}
                allowFontScaling={true}
                ellipsizeMode="tail"
                style={
                  Object {
                    "color": "#384b65",
                    "fontFamily": "Montserrat",
                    "fontSize": 32,
                  }
                }
              >
                An explanation text tells your audience how something works or why something happens.
              </Text>,
              "style": Object {
                "alignSelf": "flex-start",
                "height": 328,
                "marginTop": 20,
                "width": 640,
              },
            },
            "ref": null,
            "rendered": Object {
              "instance": null,
              "key": undefined,
              "nodeType": "class",
              "props": Object {
                "accessible": true,
                "allowFontScaling": true,
                "children": "An explanation text tells your audience how something works or why something happens.",
                "ellipsizeMode": "tail",
                "style": Object {
                  "color": "#384b65",
                  "fontFamily": "Montserrat",
                  "fontSize": 32,
                },
              },
              "ref": null,
              "rendered": "An explanation text tells your audience how something works or why something happens.",
              "type": [Function],
            },
            "type": [Function],
          },
          Object {
            "instance": null,
            "key": "getMnemonic",
            "nodeType": "class",
            "props": Object {
              "activeOpacity": 0.2,
              "children": <Text
                accessible={true}
                allowFontScaling={true}
                ellipsizeMode="tail"
                style={
                  Object {
                    "color": "white",
                    "fontFamily": "Montserrat-Bold",
                    "fontSize": 28,
                  }
                }
              >
                GET MNEMONIC
              </Text>,
              "onPressOut": [Function],
              "style": Object {
                "alignItems": "center",
                "alignSelf": "center",
                "backgroundColor": "#2782ff",
                "borderRadius": 12,
                "height": 88,
                "justifyContent": "center",
                "marginTop": 48,
                "width": 686,
              },
            },
            "ref": null,
            "rendered": Object {
              "instance": null,
              "key": undefined,
              "nodeType": "class",
              "props": Object {
                "accessible": true,
                "allowFontScaling": true,
                "children": "GET MNEMONIC",
                "ellipsizeMode": "tail",
                "style": Object {
                  "color": "white",
                  "fontFamily": "Montserrat-Bold",
                  "fontSize": 28,
                },
              },
              "ref": null,
              "rendered": "GET MNEMONIC",
              "type": [Function],
            },
            "type": [Function],
          },
        ],
        "type": [Function],
      },
      null,
      null,
    ],
    "type": [Function],
  },
  Symbol(enzyme.__nodes__): Array [
    Object {
      "instance": null,
      "key": undefined,
      "nodeType": "class",
      "props": Object {
        "children": Array [
          <Image
            resizeMode="contain"
            source="getMnemonicLogo.png"
            style={
              Object {
                "height": 500,
                "left": -80,
                "position": "absolute",
                "top": 206,
                "width": 500,
              }
            }
          />,
          <View
            style={
              Object {
                "alignItems": "center",
                "flexDirection": "row",
                "height": 48,
                "justifyContent": "space-between",
                "position": "absolute",
                "right": 32,
                "top": 40,
                "width": 280,
              }
            }
          >
            <Text
              accessible={true}
              allowFontScaling={true}
              ellipsizeMode="tail"
              style={
                Object {
                  "color": "#2782ff",
                  "fontFamily": "Montserrat",
                  "fontSize": 28,
                  "lineHeight": 48,
                  "marginBottom": 10,
                }
              }
            >
              What is Mnemonic?
            </Text>
            <Image
              source="Info.png"
              style={
                Object {
                  "height": 48,
                  "width": 48,
                }
              }
            />
          </View>,
          <View
            style={
              Object {
                "height": 84,
                "marginLeft": 32,
                "marginTop": 580,
                "width": 350,
              }
            }
          >
            <Text
              accessible={true}
              allowFontScaling={true}
              ellipsizeMode="tail"
              style={
                Object {
                  "color": "#2782ff",
                  "fontFamily": "Montserrat-ExtraBold",
                  "fontSize": 92,
                }
              }
            >
              Get
            </Text>
          </View>,
          <View
            style={
              Object {
                "height": 84,
                "marginLeft": 32,
                "marginTop": 16,
                "width": 640,
              }
            }
          >
            <Text
              accessible={true}
              allowFontScaling={true}
              ellipsizeMode="tail"
              style={
                Object {
                  "color": "#2782ff",
                  "fontFamily": "Montserrat-ExtraBold",
                  "fontSize": 92,
                }
              }
            >
              mnemonic
            </Text>
          </View>,
          <View
            style={
              Object {
                "alignItems": "center",
                "justifyContent": "center",
                "marginLeft": 32,
                "marginTop": 20,
                "width": 700,
              }
            }
          >
            <View
              style={
                Object {
                  "alignSelf": "flex-start",
                  "height": 328,
                  "marginTop": 20,
                  "width": 640,
                }
              }
            >
              <Text
                accessible={true}
                allowFontScaling={true}
                ellipsizeMode="tail"
                style={
                  Object {
                    "color": "#384b65",
                    "fontFamily": "Montserrat",
                    "fontSize": 32,
                  }
                }
              >
                An explanation text tells your audience how something works or why something happens.
              </Text>
            </View>
            <TouchableOpacity
              activeOpacity={0.2}
              onPressOut={[Function]}
              style={
                Object {
                  "alignItems": "center",
                  "alignSelf": "center",
                  "backgroundColor": "#2782ff",
                  "borderRadius": 12,
                  "height": 88,
                  "justifyContent": "center",
                  "marginTop": 48,
                  "width": 686,
                }
              }
            >
              <Text
                accessible={true}
                allowFontScaling={true}
                ellipsizeMode="tail"
                style={
                  Object {
                    "color": "white",
                    "fontFamily": "Montserrat-Bold",
                    "fontSize": 28,
                  }
                }
              >
                GET MNEMONIC
              </Text>
            </TouchableOpacity>
          </View>,
          null,
          null,
        ],
        "style": Object {
          "backgroundColor": "white",
          "flex": 1,
        },
      },
      "ref": null,
      "rendered": Array [
        Object {
          "instance": null,
          "key": undefined,
          "nodeType": "class",
          "props": Object {
            "resizeMode": "contain",
            "source": "getMnemonicLogo.png",
            "style": Object {
              "height": 500,
              "left": -80,
              "position": "absolute",
              "top": 206,
              "width": 500,
            },
          },
          "ref": null,
          "rendered": null,
          "type": [Function],
        },
        Object {
          "instance": null,
          "key": undefined,
          "nodeType": "class",
          "props": Object {
            "children": Array [
              <Text
                accessible={true}
                allowFontScaling={true}
                ellipsizeMode="tail"
                style={
                  Object {
                    "color": "#2782ff",
                    "fontFamily": "Montserrat",
                    "fontSize": 28,
                    "lineHeight": 48,
                    "marginBottom": 10,
                  }
                }
              >
                What is Mnemonic?
              </Text>,
              <Image
                source="Info.png"
                style={
                  Object {
                    "height": 48,
                    "width": 48,
                  }
                }
              />,
            ],
            "style": Object {
              "alignItems": "center",
              "flexDirection": "row",
              "height": 48,
              "justifyContent": "space-between",
              "position": "absolute",
              "right": 32,
              "top": 40,
              "width": 280,
            },
          },
          "ref": null,
          "rendered": Array [
            Object {
              "instance": null,
              "key": undefined,
              "nodeType": "class",
              "props": Object {
                "accessible": true,
                "allowFontScaling": true,
                "children": "What is Mnemonic?",
                "ellipsizeMode": "tail",
                "style": Object {
                  "color": "#2782ff",
                  "fontFamily": "Montserrat",
                  "fontSize": 28,
                  "lineHeight": 48,
                  "marginBottom": 10,
                },
              },
              "ref": null,
              "rendered": "What is Mnemonic?",
              "type": [Function],
            },
            Object {
              "instance": null,
              "key": undefined,
              "nodeType": "class",
              "props": Object {
                "source": "Info.png",
                "style": Object {
                  "height": 48,
                  "width": 48,
                },
              },
              "ref": null,
              "rendered": null,
              "type": [Function],
            },
          ],
          "type": [Function],
        },
        Object {
          "instance": null,
          "key": undefined,
          "nodeType": "class",
          "props": Object {
            "children": <Text
              accessible={true}
              allowFontScaling={true}
              ellipsizeMode="tail"
              style={
                Object {
                  "color": "#2782ff",
                  "fontFamily": "Montserrat-ExtraBold",
                  "fontSize": 92,
                }
              }
            >
              Get
            </Text>,
            "style": Object {
              "height": 84,
              "marginLeft": 32,
              "marginTop": 580,
              "width": 350,
            },
          },
          "ref": null,
          "rendered": Object {
            "instance": null,
            "key": undefined,
            "nodeType": "class",
            "props": Object {
              "accessible": true,
              "allowFontScaling": true,
              "children": "Get",
              "ellipsizeMode": "tail",
              "style": Object {
                "color": "#2782ff",
                "fontFamily": "Montserrat-ExtraBold",
                "fontSize": 92,
              },
            },
            "ref": null,
            "rendered": "Get",
            "type": [Function],
          },
          "type": [Function],
        },
        Object {
          "instance": null,
          "key": undefined,
          "nodeType": "class",
          "props": Object {
            "children": <Text
              accessible={true}
              allowFontScaling={true}
              ellipsizeMode="tail"
              style={
                Object {
                  "color": "#2782ff",
                  "fontFamily": "Montserrat-ExtraBold",
                  "fontSize": 92,
                }
              }
            >
              mnemonic
            </Text>,
            "style": Object {
              "height": 84,
              "marginLeft": 32,
              "marginTop": 16,
              "width": 640,
            },
          },
          "ref": null,
          "rendered": Object {
            "instance": null,
            "key": undefined,
            "nodeType": "class",
            "props": Object {
              "accessible": true,
              "allowFontScaling": true,
              "children": "mnemonic",
              "ellipsizeMode": "tail",
              "style": Object {
                "color": "#2782ff",
                "fontFamily": "Montserrat-ExtraBold",
                "fontSize": 92,
              },
            },
            "ref": null,
            "rendered": "mnemonic",
            "type": [Function],
          },
          "type": [Function],
        },
        Object {
          "instance": null,
          "key": undefined,
          "nodeType": "class",
          "props": Object {
            "children": Array [
              <View
                style={
                  Object {
                    "alignSelf": "flex-start",
                    "height": 328,
                    "marginTop": 20,
                    "width": 640,
                  }
                }
              >
                <Text
                  accessible={true}
                  allowFontScaling={true}
                  ellipsizeMode="tail"
                  style={
                    Object {
                      "color": "#384b65",
                      "fontFamily": "Montserrat",
                      "fontSize": 32,
                    }
                  }
                >
                  An explanation text tells your audience how something works or why something happens.
                </Text>
              </View>,
              <TouchableOpacity
                activeOpacity={0.2}
                onPressOut={[Function]}
                style={
                  Object {
                    "alignItems": "center",
                    "alignSelf": "center",
                    "backgroundColor": "#2782ff",
                    "borderRadius": 12,
                    "height": 88,
                    "justifyContent": "center",
                    "marginTop": 48,
                    "width": 686,
                  }
                }
              >
                <Text
                  accessible={true}
                  allowFontScaling={true}
                  ellipsizeMode="tail"
                  style={
                    Object {
                      "color": "white",
                      "fontFamily": "Montserrat-Bold",
                      "fontSize": 28,
                    }
                  }
                >
                  GET MNEMONIC
                </Text>
              </TouchableOpacity>,
            ],
            "style": Object {
              "alignItems": "center",
              "justifyContent": "center",
              "marginLeft": 32,
              "marginTop": 20,
              "width": 700,
            },
          },
          "ref": null,
          "rendered": Array [
            Object {
              "instance": null,
              "key": undefined,
              "nodeType": "class",
              "props": Object {
                "children": <Text
                  accessible={true}
                  allowFontScaling={true}
                  ellipsizeMode="tail"
                  style={
                    Object {
                      "color": "#384b65",
                      "fontFamily": "Montserrat",
                      "fontSize": 32,
                    }
                  }
                >
                  An explanation text tells your audience how something works or why something happens.
                </Text>,
                "style": Object {
                  "alignSelf": "flex-start",
                  "height": 328,
                  "marginTop": 20,
                  "width": 640,
                },
              },
              "ref": null,
              "rendered": Object {
                "instance": null,
                "key": undefined,
                "nodeType": "class",
                "props": Object {
                  "accessible": true,
                  "allowFontScaling": true,
                  "children": "An explanation text tells your audience how something works or why something happens.",
                  "ellipsizeMode": "tail",
                  "style": Object {
                    "color": "#384b65",
                    "fontFamily": "Montserrat",
                    "fontSize": 32,
                  },
                },
                "ref": null,
                "rendered": "An explanation text tells your audience how something works or why something happens.",
                "type": [Function],
              },
              "type": [Function],
            },
            Object {
              "instance": null,
              "key": "getMnemonic",
              "nodeType": "class",
              "props": Object {
                "activeOpacity": 0.2,
                "children": <Text
                  accessible={true}
                  allowFontScaling={true}
                  ellipsizeMode="tail"
                  style={
                    Object {
                      "color": "white",
                      "fontFamily": "Montserrat-Bold",
                      "fontSize": 28,
                    }
                  }
                >
                  GET MNEMONIC
                </Text>,
                "onPressOut": [Function],
                "style": Object {
                  "alignItems": "center",
                  "alignSelf": "center",
                  "backgroundColor": "#2782ff",
                  "borderRadius": 12,
                  "height": 88,
                  "justifyContent": "center",
                  "marginTop": 48,
                  "width": 686,
                },
              },
              "ref": null,
              "rendered": Object {
                "instance": null,
                "key": undefined,
                "nodeType": "class",
                "props": Object {
                  "accessible": true,
                  "allowFontScaling": true,
                  "children": "GET MNEMONIC",
                  "ellipsizeMode": "tail",
                  "style": Object {
                    "color": "white",
                    "fontFamily": "Montserrat-Bold",
                    "fontSize": 28,
                  },
                },
                "ref": null,
                "rendered": "GET MNEMONIC",
                "type": [Function],
              },
              "type": [Function],
            },
          ],
          "type": [Function],
        },
        null,
        null,
      ],
      "type": [Function],
    },
  ],
  Symbol(enzyme.__options__): Object {
    "adapter": ReactSixteenAdapter {
      "options": Object {
        "enableComponentDidUpdateOnSetState": true,
      },
    },
  },
}
`;
