// Jest Snapshot v1, https://goo.gl/fbAQLP

exports[`MnemonicConfirmedComponent renders correctly 1`] = `
ShallowWrapper {
  "length": 1,
  Symbol(enzyme.__root__): [Circular],
  Symbol(enzyme.__unrendered__): <MnemonicConfirmedComponent />,
  Symbol(enzyme.__renderer__): Object {
    "batchedUpdates": [Function],
    "getNode": [Function],
    "render": [Function],
    "simulateEvent": [Function],
    "unmount": [Function],
  },
  Symbol(enzyme.__node__): Object {
    "instance": null,
    "key": undefined,
    "nodeType": "class",
    "props": Object {
      "children": <Component
        style={
          Object {
            "paddingHorizontal": 40,
          }
        }
      >
        <Component
          style={
            Object {
              "flexDirection": "row",
              "height": 140,
              "marginTop": 60,
            }
          }
        >
          <Text
            accessible={true}
            allowFontScaling={true}
            ellipsizeMode="tail"
            style={
              Object {
                "color": "#384B65",
                "fontFamily": "montserrat_bold",
                "fontSize": 54,
                "lineHeight": 66,
                "marginLeft": 30,
              }
            }
          >
            Success!
          </Text>
        </Component>
        <Component
          style={
            Object {
              "marginTop": 10,
            }
          }
        >
          <Text
            accessible={true}
            allowFontScaling={true}
            ellipsizeMode="tail"
            style={
              Object {
                "color": "#384B65",
                "fontFamily": "montserrat_regular",
                "fontSize": 32,
                "lineHeight": 46,
              }
            }
          >
            You’re ready to sign in and start using Storj!
          </Text>
        </Component>
        <Component
          style={
            Object {
              "alignItems": "center",
              "height": 500,
              "justifyContent": "center",
              "marginTop": 150,
            }
          }
        >
          <Image
            resizeMode="contain"
            source="SuccessImage.png"
            style={
              Object {
                "height": 500,
                "width": 750,
              }
            }
          />
        </Component>
        <TouchableOpacity
          activeOpacity={0.2}
          onPress={[Function]}
        >
          <Component
            style={
              Object {
                "alignItems": "center",
                "alignSelf": "center",
                "backgroundColor": "#2782ff",
                "borderColor": "#2794FF",
                "borderRadius": 12,
                "borderWidth": 3,
                "height": 100,
                "justifyContent": "center",
                "marginTop": 240,
                "width": 670,
              }
            }
          >
            <Text
              accessible={true}
              allowFontScaling={true}
              ellipsizeMode="tail"
              style={
                Object {
                  "color": "white",
                  "fontFamily": "montserrat_bold",
                  "fontSize": 28,
                }
              }
            >
              Sign in
            </Text>
          </Component>
        </TouchableOpacity>
      </Component>,
      "style": Object {
        "backgroundColor": "#FFFFFF",
        "flex": 1,
      },
    },
    "ref": null,
    "rendered": Object {
      "instance": null,
      "key": undefined,
      "nodeType": "class",
      "props": Object {
        "children": Array [
          <Component
            style={
              Object {
                "flexDirection": "row",
                "height": 140,
                "marginTop": 60,
              }
            }
          >
            <Text
              accessible={true}
              allowFontScaling={true}
              ellipsizeMode="tail"
              style={
                Object {
                  "color": "#384B65",
                  "fontFamily": "montserrat_bold",
                  "fontSize": 54,
                  "lineHeight": 66,
                  "marginLeft": 30,
                }
              }
            >
              Success!
            </Text>
          </Component>,
          <Component
            style={
              Object {
                "marginTop": 10,
              }
            }
          >
            <Text
              accessible={true}
              allowFontScaling={true}
              ellipsizeMode="tail"
              style={
                Object {
                  "color": "#384B65",
                  "fontFamily": "montserrat_regular",
                  "fontSize": 32,
                  "lineHeight": 46,
                }
              }
            >
              You’re ready to sign in and start using Storj!
            </Text>
          </Component>,
          <Component
            style={
              Object {
                "alignItems": "center",
                "height": 500,
                "justifyContent": "center",
                "marginTop": 150,
              }
            }
          >
            <Image
              resizeMode="contain"
              source="SuccessImage.png"
              style={
                Object {
                  "height": 500,
                  "width": 750,
                }
              }
            />
          </Component>,
          <TouchableOpacity
            activeOpacity={0.2}
            onPress={[Function]}
          >
            <Component
              style={
                Object {
                  "alignItems": "center",
                  "alignSelf": "center",
                  "backgroundColor": "#2782ff",
                  "borderColor": "#2794FF",
                  "borderRadius": 12,
                  "borderWidth": 3,
                  "height": 100,
                  "justifyContent": "center",
                  "marginTop": 240,
                  "width": 670,
                }
              }
            >
              <Text
                accessible={true}
                allowFontScaling={true}
                ellipsizeMode="tail"
                style={
                  Object {
                    "color": "white",
                    "fontFamily": "montserrat_bold",
                    "fontSize": 28,
                  }
                }
              >
                Sign in
              </Text>
            </Component>
          </TouchableOpacity>,
        ],
        "style": Object {
          "paddingHorizontal": 40,
        },
      },
      "ref": null,
      "rendered": Array [
        Object {
          "instance": null,
          "key": undefined,
          "nodeType": "class",
          "props": Object {
            "children": <Text
              accessible={true}
              allowFontScaling={true}
              ellipsizeMode="tail"
              style={
                Object {
                  "color": "#384B65",
                  "fontFamily": "montserrat_bold",
                  "fontSize": 54,
                  "lineHeight": 66,
                  "marginLeft": 30,
                }
              }
            >
              Success!
            </Text>,
            "style": Object {
              "flexDirection": "row",
              "height": 140,
              "marginTop": 60,
            },
          },
          "ref": null,
          "rendered": Object {
            "instance": null,
            "key": undefined,
            "nodeType": "class",
            "props": Object {
              "accessible": true,
              "allowFontScaling": true,
              "children": "Success!",
              "ellipsizeMode": "tail",
              "style": Object {
                "color": "#384B65",
                "fontFamily": "montserrat_bold",
                "fontSize": 54,
                "lineHeight": 66,
                "marginLeft": 30,
              },
            },
            "ref": null,
            "rendered": "Success!",
            "type": [Function],
          },
          "type": [Function],
        },
        Object {
          "instance": null,
          "key": undefined,
          "nodeType": "class",
          "props": Object {
            "children": <Text
              accessible={true}
              allowFontScaling={true}
              ellipsizeMode="tail"
              style={
                Object {
                  "color": "#384B65",
                  "fontFamily": "montserrat_regular",
                  "fontSize": 32,
                  "lineHeight": 46,
                }
              }
            >
              You’re ready to sign in and start using Storj!
            </Text>,
            "style": Object {
              "marginTop": 10,
            },
          },
          "ref": null,
          "rendered": Object {
            "instance": null,
            "key": undefined,
            "nodeType": "class",
            "props": Object {
              "accessible": true,
              "allowFontScaling": true,
              "children": "You’re ready to sign in and start using Storj!",
              "ellipsizeMode": "tail",
              "style": Object {
                "color": "#384B65",
                "fontFamily": "montserrat_regular",
                "fontSize": 32,
                "lineHeight": 46,
              },
            },
            "ref": null,
            "rendered": "You’re ready to sign in and start using Storj!",
            "type": [Function],
          },
          "type": [Function],
        },
        Object {
          "instance": null,
          "key": undefined,
          "nodeType": "class",
          "props": Object {
            "children": <Image
              resizeMode="contain"
              source="SuccessImage.png"
              style={
                Object {
                  "height": 500,
                  "width": 750,
                }
              }
            />,
            "style": Object {
              "alignItems": "center",
              "height": 500,
              "justifyContent": "center",
              "marginTop": 150,
            },
          },
          "ref": null,
          "rendered": Object {
            "instance": null,
            "key": undefined,
            "nodeType": "class",
            "props": Object {
              "resizeMode": "contain",
              "source": "SuccessImage.png",
              "style": Object {
                "height": 500,
                "width": 750,
              },
            },
            "ref": null,
            "rendered": null,
            "type": [Function],
          },
          "type": [Function],
        },
        Object {
          "instance": null,
          "key": undefined,
          "nodeType": "class",
          "props": Object {
            "activeOpacity": 0.2,
            "children": <Component
              style={
                Object {
                  "alignItems": "center",
                  "alignSelf": "center",
                  "backgroundColor": "#2782ff",
                  "borderColor": "#2794FF",
                  "borderRadius": 12,
                  "borderWidth": 3,
                  "height": 100,
                  "justifyContent": "center",
                  "marginTop": 240,
                  "width": 670,
                }
              }
            >
              <Text
                accessible={true}
                allowFontScaling={true}
                ellipsizeMode="tail"
                style={
                  Object {
                    "color": "white",
                    "fontFamily": "montserrat_bold",
                    "fontSize": 28,
                  }
                }
              >
                Sign in
              </Text>
            </Component>,
            "onPress": [Function],
          },
          "ref": null,
          "rendered": Object {
            "instance": null,
            "key": undefined,
            "nodeType": "class",
            "props": Object {
              "children": <Text
                accessible={true}
                allowFontScaling={true}
                ellipsizeMode="tail"
                style={
                  Object {
                    "color": "white",
                    "fontFamily": "montserrat_bold",
                    "fontSize": 28,
                  }
                }
              >
                Sign in
              </Text>,
              "style": Object {
                "alignItems": "center",
                "alignSelf": "center",
                "backgroundColor": "#2782ff",
                "borderColor": "#2794FF",
                "borderRadius": 12,
                "borderWidth": 3,
                "height": 100,
                "justifyContent": "center",
                "marginTop": 240,
                "width": 670,
              },
            },
            "ref": null,
            "rendered": Object {
              "instance": null,
              "key": undefined,
              "nodeType": "class",
              "props": Object {
                "accessible": true,
                "allowFontScaling": true,
                "children": "Sign in",
                "ellipsizeMode": "tail",
                "style": Object {
                  "color": "white",
                  "fontFamily": "montserrat_bold",
                  "fontSize": 28,
                },
              },
              "ref": null,
              "rendered": "Sign in",
              "type": [Function],
            },
            "type": [Function],
          },
          "type": [Function],
        },
      ],
      "type": [Function],
    },
    "type": [Function],
  },
  Symbol(enzyme.__nodes__): Array [
    Object {
      "instance": null,
      "key": undefined,
      "nodeType": "class",
      "props": Object {
        "children": <Component
          style={
            Object {
              "paddingHorizontal": 40,
            }
          }
        >
          <Component
            style={
              Object {
                "flexDirection": "row",
                "height": 140,
                "marginTop": 60,
              }
            }
          >
            <Text
              accessible={true}
              allowFontScaling={true}
              ellipsizeMode="tail"
              style={
                Object {
                  "color": "#384B65",
                  "fontFamily": "montserrat_bold",
                  "fontSize": 54,
                  "lineHeight": 66,
                  "marginLeft": 30,
                }
              }
            >
              Success!
            </Text>
          </Component>
          <Component
            style={
              Object {
                "marginTop": 10,
              }
            }
          >
            <Text
              accessible={true}
              allowFontScaling={true}
              ellipsizeMode="tail"
              style={
                Object {
                  "color": "#384B65",
                  "fontFamily": "montserrat_regular",
                  "fontSize": 32,
                  "lineHeight": 46,
                }
              }
            >
              You’re ready to sign in and start using Storj!
            </Text>
          </Component>
          <Component
            style={
              Object {
                "alignItems": "center",
                "height": 500,
                "justifyContent": "center",
                "marginTop": 150,
              }
            }
          >
            <Image
              resizeMode="contain"
              source="SuccessImage.png"
              style={
                Object {
                  "height": 500,
                  "width": 750,
                }
              }
            />
          </Component>
          <TouchableOpacity
            activeOpacity={0.2}
            onPress={[Function]}
          >
            <Component
              style={
                Object {
                  "alignItems": "center",
                  "alignSelf": "center",
                  "backgroundColor": "#2782ff",
                  "borderColor": "#2794FF",
                  "borderRadius": 12,
                  "borderWidth": 3,
                  "height": 100,
                  "justifyContent": "center",
                  "marginTop": 240,
                  "width": 670,
                }
              }
            >
              <Text
                accessible={true}
                allowFontScaling={true}
                ellipsizeMode="tail"
                style={
                  Object {
                    "color": "white",
                    "fontFamily": "montserrat_bold",
                    "fontSize": 28,
                  }
                }
              >
                Sign in
              </Text>
            </Component>
          </TouchableOpacity>
        </Component>,
        "style": Object {
          "backgroundColor": "#FFFFFF",
          "flex": 1,
        },
      },
      "ref": null,
      "rendered": Object {
        "instance": null,
        "key": undefined,
        "nodeType": "class",
        "props": Object {
          "children": Array [
            <Component
              style={
                Object {
                  "flexDirection": "row",
                  "height": 140,
                  "marginTop": 60,
                }
              }
            >
              <Text
                accessible={true}
                allowFontScaling={true}
                ellipsizeMode="tail"
                style={
                  Object {
                    "color": "#384B65",
                    "fontFamily": "montserrat_bold",
                    "fontSize": 54,
                    "lineHeight": 66,
                    "marginLeft": 30,
                  }
                }
              >
                Success!
              </Text>
            </Component>,
            <Component
              style={
                Object {
                  "marginTop": 10,
                }
              }
            >
              <Text
                accessible={true}
                allowFontScaling={true}
                ellipsizeMode="tail"
                style={
                  Object {
                    "color": "#384B65",
                    "fontFamily": "montserrat_regular",
                    "fontSize": 32,
                    "lineHeight": 46,
                  }
                }
              >
                You’re ready to sign in and start using Storj!
              </Text>
            </Component>,
            <Component
              style={
                Object {
                  "alignItems": "center",
                  "height": 500,
                  "justifyContent": "center",
                  "marginTop": 150,
                }
              }
            >
              <Image
                resizeMode="contain"
                source="SuccessImage.png"
                style={
                  Object {
                    "height": 500,
                    "width": 750,
                  }
                }
              />
            </Component>,
            <TouchableOpacity
              activeOpacity={0.2}
              onPress={[Function]}
            >
              <Component
                style={
                  Object {
                    "alignItems": "center",
                    "alignSelf": "center",
                    "backgroundColor": "#2782ff",
                    "borderColor": "#2794FF",
                    "borderRadius": 12,
                    "borderWidth": 3,
                    "height": 100,
                    "justifyContent": "center",
                    "marginTop": 240,
                    "width": 670,
                  }
                }
              >
                <Text
                  accessible={true}
                  allowFontScaling={true}
                  ellipsizeMode="tail"
                  style={
                    Object {
                      "color": "white",
                      "fontFamily": "montserrat_bold",
                      "fontSize": 28,
                    }
                  }
                >
                  Sign in
                </Text>
              </Component>
            </TouchableOpacity>,
          ],
          "style": Object {
            "paddingHorizontal": 40,
          },
        },
        "ref": null,
        "rendered": Array [
          Object {
            "instance": null,
            "key": undefined,
            "nodeType": "class",
            "props": Object {
              "children": <Text
                accessible={true}
                allowFontScaling={true}
                ellipsizeMode="tail"
                style={
                  Object {
                    "color": "#384B65",
                    "fontFamily": "montserrat_bold",
                    "fontSize": 54,
                    "lineHeight": 66,
                    "marginLeft": 30,
                  }
                }
              >
                Success!
              </Text>,
              "style": Object {
                "flexDirection": "row",
                "height": 140,
                "marginTop": 60,
              },
            },
            "ref": null,
            "rendered": Object {
              "instance": null,
              "key": undefined,
              "nodeType": "class",
              "props": Object {
                "accessible": true,
                "allowFontScaling": true,
                "children": "Success!",
                "ellipsizeMode": "tail",
                "style": Object {
                  "color": "#384B65",
                  "fontFamily": "montserrat_bold",
                  "fontSize": 54,
                  "lineHeight": 66,
                  "marginLeft": 30,
                },
              },
              "ref": null,
              "rendered": "Success!",
              "type": [Function],
            },
            "type": [Function],
          },
          Object {
            "instance": null,
            "key": undefined,
            "nodeType": "class",
            "props": Object {
              "children": <Text
                accessible={true}
                allowFontScaling={true}
                ellipsizeMode="tail"
                style={
                  Object {
                    "color": "#384B65",
                    "fontFamily": "montserrat_regular",
                    "fontSize": 32,
                    "lineHeight": 46,
                  }
                }
              >
                You’re ready to sign in and start using Storj!
              </Text>,
              "style": Object {
                "marginTop": 10,
              },
            },
            "ref": null,
            "rendered": Object {
              "instance": null,
              "key": undefined,
              "nodeType": "class",
              "props": Object {
                "accessible": true,
                "allowFontScaling": true,
                "children": "You’re ready to sign in and start using Storj!",
                "ellipsizeMode": "tail",
                "style": Object {
                  "color": "#384B65",
                  "fontFamily": "montserrat_regular",
                  "fontSize": 32,
                  "lineHeight": 46,
                },
              },
              "ref": null,
              "rendered": "You’re ready to sign in and start using Storj!",
              "type": [Function],
            },
            "type": [Function],
          },
          Object {
            "instance": null,
            "key": undefined,
            "nodeType": "class",
            "props": Object {
              "children": <Image
                resizeMode="contain"
                source="SuccessImage.png"
                style={
                  Object {
                    "height": 500,
                    "width": 750,
                  }
                }
              />,
              "style": Object {
                "alignItems": "center",
                "height": 500,
                "justifyContent": "center",
                "marginTop": 150,
              },
            },
            "ref": null,
            "rendered": Object {
              "instance": null,
              "key": undefined,
              "nodeType": "class",
              "props": Object {
                "resizeMode": "contain",
                "source": "SuccessImage.png",
                "style": Object {
                  "height": 500,
                  "width": 750,
                },
              },
              "ref": null,
              "rendered": null,
              "type": [Function],
            },
            "type": [Function],
          },
          Object {
            "instance": null,
            "key": undefined,
            "nodeType": "class",
            "props": Object {
              "activeOpacity": 0.2,
              "children": <Component
                style={
                  Object {
                    "alignItems": "center",
                    "alignSelf": "center",
                    "backgroundColor": "#2782ff",
                    "borderColor": "#2794FF",
                    "borderRadius": 12,
                    "borderWidth": 3,
                    "height": 100,
                    "justifyContent": "center",
                    "marginTop": 240,
                    "width": 670,
                  }
                }
              >
                <Text
                  accessible={true}
                  allowFontScaling={true}
                  ellipsizeMode="tail"
                  style={
                    Object {
                      "color": "white",
                      "fontFamily": "montserrat_bold",
                      "fontSize": 28,
                    }
                  }
                >
                  Sign in
                </Text>
              </Component>,
              "onPress": [Function],
            },
            "ref": null,
            "rendered": Object {
              "instance": null,
              "key": undefined,
              "nodeType": "class",
              "props": Object {
                "children": <Text
                  accessible={true}
                  allowFontScaling={true}
                  ellipsizeMode="tail"
                  style={
                    Object {
                      "color": "white",
                      "fontFamily": "montserrat_bold",
                      "fontSize": 28,
                    }
                  }
                >
                  Sign in
                </Text>,
                "style": Object {
                  "alignItems": "center",
                  "alignSelf": "center",
                  "backgroundColor": "#2782ff",
                  "borderColor": "#2794FF",
                  "borderRadius": 12,
                  "borderWidth": 3,
                  "height": 100,
                  "justifyContent": "center",
                  "marginTop": 240,
                  "width": 670,
                },
              },
              "ref": null,
              "rendered": Object {
                "instance": null,
                "key": undefined,
                "nodeType": "class",
                "props": Object {
                  "accessible": true,
                  "allowFontScaling": true,
                  "children": "Sign in",
                  "ellipsizeMode": "tail",
                  "style": Object {
                    "color": "white",
                    "fontFamily": "montserrat_bold",
                    "fontSize": 28,
                  },
                },
                "ref": null,
                "rendered": "Sign in",
                "type": [Function],
              },
              "type": [Function],
            },
            "type": [Function],
          },
        ],
        "type": [Function],
      },
      "type": [Function],
    },
  ],
  Symbol(enzyme.__options__): Object {
    "adapter": ReactSixteenAdapter {
      "options": Object {
        "enableComponentDidUpdateOnSetState": true,
      },
    },
  },
}
`;
